org/schemaspy/model/TableFullNameTest.class
org/schemaspy/testcontainer/MysqlKeyWordTable.class
org/schemaspy/view/HtmlFormatterTest.class
org/schemaspy/model/TableColumnMetaTest.class
org/schemaspy/DbDriverLoaderTest.class
org/schemaspy/ConfigTest.class
org/schemaspy/cli/ConfigFileArgumentParserTest.class
org/schemaspy/testing/H2MemoryRule.class
org/schemaspy/util/GraphvizVersionTest.class
org/schemaspy/model/RoutineTest.class
org/schemaspy/integrationtesting/OracleSpacesIT.class
org/schemaspy/cli/CommandLineArgumentParserTest.class
org/schemaspy/util/RailsNamingTest.class
org/schemaspy/RevisionTest.class
org/schemaspy/testcontainer/MysqlSpacesIT.class
org/schemaspy/testcontainer/MysqlXMLIT.class
org/schemaspy/testcontainer/MysqlSpacesNoDotsIT.class
org/schemaspy/integrationtesting/H2KeywordIT.class
org/schemaspy/service/DatabaseServiceIT.class
org/schemaspy/validator/NameValidatorTest.class
org/schemaspy/util/InflectionTest.class
org/schemaspy/integrationtesting/H2SpacesIT.class
org/schemaspy/testcontainer/OracleIT.class
org/schemaspy/util/DotTest.class
org/schemaspy/DbAnalyzerTest.class
org/schemaspy/view/MustacheWriterTest.class
org/schemaspy/util/ConnectionURLBuilderTest.class
org/schemaspy/util/DbSpecificOptionTest.class
org/schemaspy/util/CaseInsensitiveMapTest.class
