/home/travis/build/schemaspy/schemaspy/src/test/java/org/schemaspy/testcontainer/OracleIT.java
/home/travis/build/schemaspy/schemaspy/src/test/java/org/schemaspy/ConfigTest.java
/home/travis/build/schemaspy/schemaspy/src/test/java/org/schemaspy/integrationtesting/H2SpacesIT.java
/home/travis/build/schemaspy/schemaspy/src/test/java/org/schemaspy/testcontainer/MysqlSpacesIT.java
/home/travis/build/schemaspy/schemaspy/src/test/java/org/schemaspy/util/CaseInsensitiveMapTest.java
/home/travis/build/schemaspy/schemaspy/src/test/java/org/schemaspy/RevisionTest.java
/home/travis/build/schemaspy/schemaspy/src/test/java/org/schemaspy/util/GraphvizVersionTest.java
/home/travis/build/schemaspy/schemaspy/src/test/java/org/schemaspy/model/TableFullNameTest.java
/home/travis/build/schemaspy/schemaspy/src/test/java/org/schemaspy/DbAnalyzerTest.java
/home/travis/build/schemaspy/schemaspy/src/test/java/org/schemaspy/service/DatabaseServiceIT.java
/home/travis/build/schemaspy/schemaspy/src/test/java/org/schemaspy/testcontainer/MysqlXMLIT.java
/home/travis/build/schemaspy/schemaspy/src/test/java/org/schemaspy/integrationtesting/H2KeywordIT.java
/home/travis/build/schemaspy/schemaspy/src/test/java/org/schemaspy/util/ConnectionURLBuilderTest.java
/home/travis/build/schemaspy/schemaspy/src/test/java/org/schemaspy/testcontainer/MysqlSpacesNoDotsIT.java
/home/travis/build/schemaspy/schemaspy/src/test/java/org/schemaspy/util/DbSpecificOptionTest.java
/home/travis/build/schemaspy/schemaspy/src/test/java/org/schemaspy/util/RailsNamingTest.java
/home/travis/build/schemaspy/schemaspy/src/test/java/org/schemaspy/view/HtmlFormatterTest.java
/home/travis/build/schemaspy/schemaspy/src/test/java/org/schemaspy/validator/NameValidatorTest.java
/home/travis/build/schemaspy/schemaspy/src/test/java/org/schemaspy/testing/H2MemoryRule.java
/home/travis/build/schemaspy/schemaspy/src/test/java/org/schemaspy/view/MustacheWriterTest.java
/home/travis/build/schemaspy/schemaspy/src/test/java/org/schemaspy/model/TableColumnMetaTest.java
/home/travis/build/schemaspy/schemaspy/src/test/java/org/schemaspy/integrationtesting/OracleSpacesIT.java
/home/travis/build/schemaspy/schemaspy/src/test/java/org/schemaspy/model/RoutineTest.java
/home/travis/build/schemaspy/schemaspy/src/test/java/org/schemaspy/cli/CommandLineArgumentParserTest.java
/home/travis/build/schemaspy/schemaspy/src/test/java/org/schemaspy/util/DotTest.java
/home/travis/build/schemaspy/schemaspy/src/test/java/org/schemaspy/cli/ConfigFileArgumentParserTest.java
/home/travis/build/schemaspy/schemaspy/src/test/java/org/schemaspy/util/InflectionTest.java
/home/travis/build/schemaspy/schemaspy/src/test/java/org/schemaspy/DbDriverLoaderTest.java
/home/travis/build/schemaspy/schemaspy/src/test/java/org/schemaspy/testcontainer/MysqlKeyWordTable.java
